=== local chain sweep 2026-09-19T18:36:55Z ===
env -u PYTHONPATH .venv/bin/python scripts/chain_snapshot.py --local 
2026-09-19 20:37:19,740 WARNING tail_lab.ingestion.option_chain event=ingestion.option_chain.symbol_retry symbol=hyg attempt=1/3
2026-09-19 20:37:22,855 WARNING tail_lab.ingestion.option_chain event=ingestion.option_chain.symbol_retry symbol=hyg attempt=2/3
2026-09-19 20:37:25,923 ERROR tail_lab.ingestion.option_chain event=ingestion.option_chain.symbol_failed symbol=hyg
Traceback (most recent call last):
  File "/home/dio/Documents/apps/tail-lab/src/tail_lab/ingestion/option_chain.py", line 315, in ingest_option_chain
    payload = _fetch_with_retry(fetcher, symbol)
              ^^^^^^^^^^^^^^^^^^^^^^^^^^^^^^^^^^
  File "/home/dio/Documents/apps/tail-lab/src/tail_lab/ingestion/option_chain.py", line 268, in _fetch_with_retry
    return fetcher(symbol)
           ^^^^^^^^^^^^^^^
  File "/home/dio/Documents/apps/tail-lab/src/tail_lab/ingestion/option_chain.py", line 236, in fetch_chain_raw
    response.raise_for_status()
  File "/home/dio/Documents/apps/tail-lab/.venv/lib/python3.12/site-packages/requests/models.py", line 1167, in raise_for_status
    raise HTTPError(http_error_msg, response=self)
requests.exceptions.HTTPError: 429 Client Error: Too Many Requests for url: https://cdn.cboe.com/api/global/delayed_quotes/options/HYG.json
2026-09-19 20:37:25,988 WARNING tail_lab.ingestion.option_chain event=ingestion.option_chain.symbol_retry symbol=tlt attempt=1/3
2026-09-19 20:37:29,050 WARNING tail_lab.ingestion.option_chain event=ingestion.option_chain.symbol_retry symbol=tlt attempt=2/3
2026-09-19 20:37:32,159 ERROR tail_lab.ingestion.option_chain event=ingestion.option_chain.symbol_failed symbol=tlt
Traceback (most recent call last):
  File "/home/dio/Documents/apps/tail-lab/src/tail_lab/ingestion/option_chain.py", line 315, in ingest_option_chain
    payload = _fetch_with_retry(fetcher, symbol)
              ^^^^^^^^^^^^^^^^^^^^^^^^^^^^^^^^^^
  File "/home/dio/Documents/apps/tail-lab/src/tail_lab/ingestion/option_chain.py", line 268, in _fetch_with_retry
    return fetcher(symbol)
           ^^^^^^^^^^^^^^^
  File "/home/dio/Documents/apps/tail-lab/src/tail_lab/ingestion/option_chain.py", line 236, in fetch_chain_raw
    response.raise_for_status()
  File "/home/dio/Documents/apps/tail-lab/.venv/lib/python3.12/site-packages/requests/models.py", line 1167, in raise_for_status
    raise HTTPError(http_error_msg, response=self)
requests.exceptions.HTTPError: 429 Client Error: Too Many Requests for url: https://cdn.cboe.com/api/global/delayed_quotes/options/TLT.json
2026-09-19 20:37:32,286 WARNING tail_lab.ingestion.option_chain event=ingestion.option_chain.symbol_retry symbol=gld attempt=1/3
2026-09-19 20:37:35,384 WARNING tail_lab.ingestion.option_chain event=ingestion.option_chain.symbol_retry symbol=gld attempt=2/3
2026-09-19 20:37:38,492 ERROR tail_lab.ingestion.option_chain event=ingestion.option_chain.symbol_failed symbol=gld
Traceback (most recent call last):
  File "/home/dio/Documents/apps/tail-lab/src/tail_lab/ingestion/option_chain.py", line 315, in ingest_option_chain
    payload = _fetch_with_retry(fetcher, symbol)
              ^^^^^^^^^^^^^^^^^^^^^^^^^^^^^^^^^^
  File "/home/dio/Documents/apps/tail-lab/src/tail_lab/ingestion/option_chain.py", line 268, in _fetch_with_retry
    return fetcher(symbol)
           ^^^^^^^^^^^^^^^
  File "/home/dio/Documents/apps/tail-lab/src/tail_lab/ingestion/option_chain.py", line 236, in fetch_chain_raw
    response.raise_for_status()
  File "/home/dio/Documents/apps/tail-lab/.venv/lib/python3.12/site-packages/requests/models.py", line 1167, in raise_for_status
    raise HTTPError(http_error_msg, response=self)
requests.exceptions.HTTPError: 429 Client Error: Too Many Requests for url: https://cdn.cboe.com/api/global/delayed_quotes/options/GLD.json
2026-09-19 20:37:38,575 WARNING tail_lab.ingestion.option_chain event=ingestion.option_chain.symbol_retry symbol=slv attempt=1/3
2026-09-19 20:37:41,679 WARNING tail_lab.ingestion.option_chain event=ingestion.option_chain.symbol_retry symbol=slv attempt=2/3
2026-09-19 20:37:44,795 ERROR tail_lab.ingestion.option_chain event=ingestion.option_chain.symbol_failed symbol=slv
Traceback (most recent call last):
  File "/home/dio/Documents/apps/tail-lab/src/tail_lab/ingestion/option_chain.py", line 315, in ingest_option_chain
    payload = _fetch_with_retry(fetcher, symbol)
              ^^^^^^^^^^^^^^^^^^^^^^^^^^^^^^^^^^
  File "/home/dio/Documents/apps/tail-lab/src/tail_lab/ingestion/option_chain.py", line 268, in _fetch_with_retry
    return fetcher(symbol)
           ^^^^^^^^^^^^^^^
  File "/home/dio/Documents/apps/tail-lab/src/tail_lab/ingestion/option_chain.py", line 236, in fetch_chain_raw
    response.raise_for_status()
  File "/home/dio/Documents/apps/tail-lab/.venv/lib/python3.12/site-packages/requests/models.py", line 1167, in raise_for_status
    raise HTTPError(http_error_msg, response=self)
requests.exceptions.HTTPError: 429 Client Error: Too Many Requests for url: https://cdn.cboe.com/api/global/delayed_quotes/options/SLV.json
2026-09-19 20:37:44,879 WARNING tail_lab.ingestion.option_chain event=ingestion.option_chain.symbol_retry symbol=uso attempt=1/3
2026-09-19 20:37:47,986 WARNING tail_lab.ingestion.option_chain event=ingestion.option_chain.symbol_retry symbol=uso attempt=2/3
2026-09-19 20:37:51,099 ERROR tail_lab.ingestion.option_chain event=ingestion.option_chain.symbol_failed symbol=uso
Traceback (most recent call last):
  File "/home/dio/Documents/apps/tail-lab/src/tail_lab/ingestion/option_chain.py", line 315, in ingest_option_chain
    payload = _fetch_with_retry(fetcher, symbol)
              ^^^^^^^^^^^^^^^^^^^^^^^^^^^^^^^^^^
  File "/home/dio/Documents/apps/tail-lab/src/tail_lab/ingestion/option_chain.py", line 268, in _fetch_with_retry
    return fetcher(symbol)
           ^^^^^^^^^^^^^^^
  File "/home/dio/Documents/apps/tail-lab/src/tail_lab/ingestion/option_chain.py", line 236, in fetch_chain_raw
    response.raise_for_status()
  File "/home/dio/Documents/apps/tail-lab/.venv/lib/python3.12/site-packages/requests/models.py", line 1167, in raise_for_status
    raise HTTPError(http_error_msg, response=self)
requests.exceptions.HTTPError: 429 Client Error: Too Many Requests for url: https://cdn.cboe.com/api/global/delayed_quotes/options/USO.json
2026-09-19 20:37:51,203 WARNING tail_lab.ingestion.option_chain event=ingestion.option_chain.symbol_retry symbol=gdx attempt=1/3
2026-09-19 20:37:54,313 WARNING tail_lab.ingestion.option_chain event=ingestion.option_chain.symbol_retry symbol=gdx attempt=2/3
2026-09-19 20:37:57,428 ERROR tail_lab.ingestion.option_chain event=ingestion.option_chain.symbol_failed symbol=gdx
Traceback (most recent call last):
  File "/home/dio/Documents/apps/tail-lab/src/tail_lab/ingestion/option_chain.py", line 315, in ingest_option_chain
    payload = _fetch_with_retry(fetcher, symbol)
              ^^^^^^^^^^^^^^^^^^^^^^^^^^^^^^^^^^
  File "/home/dio/Documents/apps/tail-lab/src/tail_lab/ingestion/option_chain.py", line 268, in _fetch_with_retry
    return fetcher(symbol)
           ^^^^^^^^^^^^^^^
  File "/home/dio/Documents/apps/tail-lab/src/tail_lab/ingestion/option_chain.py", line 236, in fetch_chain_raw
    response.raise_for_status()
  File "/home/dio/Documents/apps/tail-lab/.venv/lib/python3.12/site-packages/requests/models.py", line 1167, in raise_for_status
    raise HTTPError(http_error_msg, response=self)
requests.exceptions.HTTPError: 429 Client Error: Too Many Requests for url: https://cdn.cboe.com/api/global/delayed_quotes/options/GDX.json
2026-09-19 20:37:57,541 WARNING tail_lab.ingestion.option_chain event=ingestion.option_chain.symbol_retry symbol=eem attempt=1/3
2026-09-19 20:38:00,655 WARNING tail_lab.ingestion.option_chain event=ingestion.option_chain.symbol_retry symbol=eem attempt=2/3
2026-09-19 20:38:03,779 ERROR tail_lab.ingestion.option_chain event=ingestion.option_chain.symbol_failed symbol=eem
Traceback (most recent call last):
  File "/home/dio/Documents/apps/tail-lab/src/tail_lab/ingestion/option_chain.py", line 315, in ingest_option_chain
    payload = _fetch_with_retry(fetcher, symbol)
              ^^^^^^^^^^^^^^^^^^^^^^^^^^^^^^^^^^
  File "/home/dio/Documents/apps/tail-lab/src/tail_lab/ingestion/option_chain.py", line 268, in _fetch_with_retry
    return fetcher(symbol)
           ^^^^^^^^^^^^^^^
  File "/home/dio/Documents/apps/tail-lab/src/tail_lab/ingestion/option_chain.py", line 236, in fetch_chain_raw
    response.raise_for_status()
  File "/home/dio/Documents/apps/tail-lab/.venv/lib/python3.12/site-packages/requests/models.py", line 1167, in raise_for_status
    raise HTTPError(http_error_msg, response=self)
requests.exceptions.HTTPError: 429 Client Error: Too Many Requests for url: https://cdn.cboe.com/api/global/delayed_quotes/options/EEM.json
2026-09-19 20:38:03,893 WARNING tail_lab.ingestion.option_chain event=ingestion.option_chain.symbol_retry symbol=fxi attempt=1/3
2026-09-19 20:38:06,953 WARNING tail_lab.ingestion.option_chain event=ingestion.option_chain.symbol_retry symbol=fxi attempt=2/3
2026-09-19 20:38:10,029 ERROR tail_lab.ingestion.option_chain event=ingestion.option_chain.symbol_failed symbol=fxi
Traceback (most recent call last):
  File "/home/dio/Documents/apps/tail-lab/src/tail_lab/ingestion/option_chain.py", line 315, in ingest_option_chain
    payload = _fetch_with_retry(fetcher, symbol)
              ^^^^^^^^^^^^^^^^^^^^^^^^^^^^^^^^^^
  File "/home/dio/Documents/apps/tail-lab/src/tail_lab/ingestion/option_chain.py", line 268, in _fetch_with_retry
    return fetcher(symbol)
           ^^^^^^^^^^^^^^^
  File "/home/dio/Documents/apps/tail-lab/src/tail_lab/ingestion/option_chain.py", line 236, in fetch_chain_raw
    response.raise_for_status()
  File "/home/dio/Documents/apps/tail-lab/.venv/lib/python3.12/site-packages/requests/models.py", line 1167, in raise_for_status
    raise HTTPError(http_error_msg, response=self)
requests.exceptions.HTTPError: 429 Client Error: Too Many Requests for url: https://cdn.cboe.com/api/global/delayed_quotes/options/FXI.json
2026-09-19 20:38:10,093 WARNING tail_lab.ingestion.option_chain event=ingestion.option_chain.symbol_retry symbol=arkk attempt=1/3
2026-09-19 20:38:13,158 WARNING tail_lab.ingestion.option_chain event=ingestion.option_chain.symbol_retry symbol=arkk attempt=2/3
2026-09-19 20:38:16,235 ERROR tail_lab.ingestion.option_chain event=ingestion.option_chain.symbol_failed symbol=arkk
Traceback (most recent call last):
  File "/home/dio/Documents/apps/tail-lab/src/tail_lab/ingestion/option_chain.py", line 315, in ingest_option_chain
    payload = _fetch_with_retry(fetcher, symbol)
              ^^^^^^^^^^^^^^^^^^^^^^^^^^^^^^^^^^
  File "/home/dio/Documents/apps/tail-lab/src/tail_lab/ingestion/option_chain.py", line 268, in _fetch_with_retry
    return fetcher(symbol)
           ^^^^^^^^^^^^^^^
  File "/home/dio/Documents/apps/tail-lab/src/tail_lab/ingestion/option_chain.py", line 236, in fetch_chain_raw
    response.raise_for_status()
  File "/home/dio/Documents/apps/tail-lab/.venv/lib/python3.12/site-packages/requests/models.py", line 1167, in raise_for_status
    raise HTTPError(http_error_msg, response=self)
requests.exceptions.HTTPError: 429 Client Error: Too Many Requests for url: https://cdn.cboe.com/api/global/delayed_quotes/options/ARKK.json
2026-09-19 20:38:16,293 WARNING tail_lab.ingestion.option_chain event=ingestion.option_chain.symbol_retry symbol=aapl attempt=1/3
2026-09-19 20:38:19,975 WARNING tail_lab.ingestion.option_chain event=ingestion.option_chain.symbol_retry symbol=msft attempt=1/3
2026-09-19 20:38:28,378 INFO tail_lab.ingestion.option_chain event=ingestion.option_chain.run dataset=option_chain_snapshot ingest_date=2026-09-18 quote_date=2026-09-18 valid_rows=14091 quarantined_rows=0 symbols_ok=15 symbols_failed=HYG,TLT,GLD,SLV,USO,GDX,EEM,FXI,ARKK bronze_path="s3://tail-lab-lake/bronze/option_chain_snapshot/ingest_date=2026-09-18"
swept 24/24 chains -> 19525 put quotes
committed 14091 rows -> s3://tail-lab-lake/bronze/option_chain_snapshot/ingest_date=2026-09-18
=== exit=0 2026-09-19T18:38:28Z ===
=== local chain sweep 2026-09-19T18:41:02Z ===
env -u PYTHONPATH .venv/bin/python scripts/chain_snapshot.py --local 
2026-09-19 20:41:21,707 INFO tail_lab.ingestion.option_chain event=ingestion.option_chain.run dataset=option_chain_snapshot ingest_date=2026-09-18 quote_date=2026-09-18 valid_rows=19525 quarantined_rows=0 symbols_ok=24 bronze_path="s3://tail-lab-lake/bronze/option_chain_snapshot/ingest_date=2026-09-18"
swept 24/24 chains -> committed 19525 rows -> s3://tail-lab-lake/bronze/option_chain_snapshot/ingest_date=2026-09-18
=== exit=0 2026-09-19T18:41:21Z ===
=== local chain sweep 2026-09-22T05:21:30Z ===
env -u PYTHONPATH .venv/bin/python scripts/chain_snapshot.py --local 
2026-09-22 07:21:32,373 WARNING tail_lab.ingestion.option_chain event=ingestion.option_chain.symbol_retry symbol=spy attempt=1/3
2026-09-22 07:21:56,075 INFO tail_lab.ingestion.option_chain event=ingestion.option_chain.run dataset=option_chain_snapshot ingest_date=2026-09-21 quote_date=2026-09-21 valid_rows=19898 quarantined_rows=0 symbols_ok=24 committed=true bronze_path="s3://tail-lab-lake/bronze/option_chain_snapshot/ingest_date=2026-09-21"
swept 24/24 chains -> committed 19898 rows -> s3://tail-lab-lake/bronze/option_chain_snapshot/ingest_date=2026-09-21
=== exit=0 2026-09-22T05:21:56Z ===
=== local chain sweep 2026-09-22T22:31:25Z ===
env -u PYTHONPATH .venv/bin/python scripts/chain_snapshot.py --local 
2026-09-23 00:31:27,228 WARNING tail_lab.ingestion.option_chain event=ingestion.option_chain.symbol_retry symbol=spy attempt=1/3
Traceback (most recent call last):
  File "/home/dio/Documents/apps/tail-lab/scripts/chain_snapshot.py", line 267, in <module>
    raise SystemExit(main())
                     ^^^^^^
  File "/home/dio/Documents/apps/tail-lab/scripts/chain_snapshot.py", line 202, in main
    return _run_local(symbols)
           ^^^^^^^^^^^^^^^^^^^
  File "/home/dio/Documents/apps/tail-lab/scripts/chain_snapshot.py", line 156, in _run_local
    result = ingest_option_chain(get_lake_store(), symbols)
             ^^^^^^^^^^^^^^^^^^^^^^^^^^^^^^^^^^^^^^^^^^^^^^
  File "/home/dio/Documents/apps/tail-lab/src/tail_lab/ingestion/option_chain.py", line 595, in ingest_option_chain
    quarantine_path = store.write_bronze(QUARANTINE_DATASET, ingest_date, quarantined)
                      ^^^^^^^^^^^^^^^^^^^^^^^^^^^^^^^^^^^^^^^^^^^^^^^^^^^^^^^^^^^^^^^^
  File "/home/dio/Documents/apps/tail-lab/src/tail_lab/lake/store.py", line 330, in write_bronze
    write_deltalake(
  File "/home/dio/Documents/apps/tail-lab/.venv/lib/python3.12/site-packages/deltalake/writer/writer.py", line 133, in write_deltalake
    table._table.write(
_internal.SchemaMismatchError: Cannot cast schema, number of fields does not match: 13 vs 14
make: *** [Makefile:139: ingest-option-chain] Error 1
=== exit=2 2026-09-22T22:32:02Z ===
=== local chain sweep 2026-09-23T05:53:19Z ===
env -u PYTHONPATH .venv/bin/python scripts/chain_snapshot.py --local 
2026-09-23 07:53:20,954 WARNING tail_lab.ingestion.option_chain event=ingestion.option_chain.symbol_retry symbol=spy attempt=1/3
2026-09-23 07:53:23,956 WARNING tail_lab.ingestion.option_chain event=ingestion.option_chain.symbol_retry symbol=spy attempt=2/3
2026-09-23 07:53:48,128 ERROR tail_lab.ingestion.option_chain event=ingestion.option_chain.quarantine_write_failed dataset=option_chain_snapshot__quarantine ingest_date=2026-09-22 rows=472 -- the session itself committed fine; these rows are not persisted
Traceback (most recent call last):
  File "/home/dio/Documents/apps/tail-lab/src/tail_lab/ingestion/option_chain.py", line 612, in ingest_option_chain
    quarantine_path = store.write_bronze(QUARANTINE_DATASET, ingest_date, quarantined)
                      ^^^^^^^^^^^^^^^^^^^^^^^^^^^^^^^^^^^^^^^^^^^^^^^^^^^^^^^^^^^^^^^^
  File "/home/dio/Documents/apps/tail-lab/src/tail_lab/lake/store.py", line 330, in write_bronze
    write_deltalake(
  File "/home/dio/Documents/apps/tail-lab/.venv/lib/python3.12/site-packages/deltalake/writer/writer.py", line 133, in write_deltalake
    table._table.write(
_internal.SchemaMismatchError: Cannot cast schema, number of fields does not match: 13 vs 14
2026-09-23 07:53:48,132 INFO tail_lab.ingestion.option_chain event=ingestion.option_chain.run dataset=option_chain_snapshot ingest_date=2026-09-22 quote_date=2026-09-22 valid_rows=19606 quarantined_rows=472 symbols_ok=23 committed=false symbols_off_session=XBI bronze_path="s3://tail-lab-lake/bronze/option_chain_snapshot/ingest_date=2026-09-22"
::warning::off-session quotes for XBI (Cboe served a different session, or no last_trade_time at all); their rows were quarantined, so they have NO 2026-09-22 quotes
swept 23/24 chains -> NO-OP: session 2026-09-22 was already captured, wrote nothing -> s3://tail-lab-lake/bronze/option_chain_snapshot/ingest_date=2026-09-22
=== exit=0 2026-09-23T05:53:48Z ===
=== local chain sweep 2026-09-23T21:35:04Z ===
env -u PYTHONPATH .venv/bin/python scripts/chain_snapshot.py --local 
2026-09-23 23:35:27,185 ERROR tail_lab.ingestion.option_chain event=ingestion.option_chain.quarantine_write_failed dataset=option_chain_snapshot__quarantine ingest_date=2026-09-22 rows=472 -- the session itself committed fine; these rows are not persisted
Traceback (most recent call last):
  File "/home/dio/Documents/apps/tail-lab/src/tail_lab/ingestion/option_chain.py", line 612, in ingest_option_chain
    quarantine_path = store.write_bronze(QUARANTINE_DATASET, ingest_date, quarantined)
                      ^^^^^^^^^^^^^^^^^^^^^^^^^^^^^^^^^^^^^^^^^^^^^^^^^^^^^^^^^^^^^^^^
  File "/home/dio/Documents/apps/tail-lab/src/tail_lab/lake/store.py", line 330, in write_bronze
    write_deltalake(
  File "/home/dio/Documents/apps/tail-lab/.venv/lib/python3.12/site-packages/deltalake/writer/writer.py", line 133, in write_deltalake
    table._table.write(
_internal.SchemaMismatchError: Cannot cast schema, number of fields does not match: 13 vs 14
2026-09-23 23:35:27,189 INFO tail_lab.ingestion.option_chain event=ingestion.option_chain.run dataset=option_chain_snapshot ingest_date=2026-09-22 quote_date=2026-09-22 valid_rows=19606 quarantined_rows=472 symbols_ok=23 committed=false symbols_off_session=XBI bronze_path="s3://tail-lab-lake/bronze/option_chain_snapshot/ingest_date=2026-09-22"
::warning::off-session quotes for XBI (Cboe served a different session, or no last_trade_time at all); their rows were quarantined, so they have NO 2026-09-22 quotes
swept 23/24 chains -> NO-OP: session 2026-09-22 was already captured, wrote nothing -> s3://tail-lab-lake/bronze/option_chain_snapshot/ingest_date=2026-09-22
=== exit=0 2026-09-23T21:35:27Z ===
=== local chain sweep 2026-09-24T05:06:37Z ===
env -u PYTHONPATH .venv/bin/python scripts/chain_snapshot.py --local 
2026-09-24 07:06:38,510 WARNING tail_lab.ingestion.option_chain event=ingestion.option_chain.symbol_retry symbol=spy attempt=1/3
2026-09-24 07:06:41,514 WARNING tail_lab.ingestion.option_chain event=ingestion.option_chain.symbol_retry symbol=spy attempt=2/3
2026-09-24 07:07:03,182 ERROR tail_lab.ingestion.option_chain event=ingestion.option_chain.quarantine_write_failed dataset=option_chain_snapshot__quarantine ingest_date=2026-09-22 rows=472 -- the session itself committed fine; these rows are not persisted
Traceback (most recent call last):
  File "/home/dio/Documents/apps/tail-lab/src/tail_lab/ingestion/option_chain.py", line 612, in ingest_option_chain
    quarantine_path = store.write_bronze(QUARANTINE_DATASET, ingest_date, quarantined)
                      ^^^^^^^^^^^^^^^^^^^^^^^^^^^^^^^^^^^^^^^^^^^^^^^^^^^^^^^^^^^^^^^^
  File "/home/dio/Documents/apps/tail-lab/src/tail_lab/lake/store.py", line 330, in write_bronze
    write_deltalake(
  File "/home/dio/Documents/apps/tail-lab/.venv/lib/python3.12/site-packages/deltalake/writer/writer.py", line 133, in write_deltalake
    table._table.write(
_internal.SchemaMismatchError: Cannot cast schema, number of fields does not match: 13 vs 14
2026-09-24 07:07:03,187 INFO tail_lab.ingestion.option_chain event=ingestion.option_chain.run dataset=option_chain_snapshot ingest_date=2026-09-22 quote_date=2026-09-22 valid_rows=19606 quarantined_rows=472 symbols_ok=23 committed=false symbols_off_session=XBI bronze_path="s3://tail-lab-lake/bronze/option_chain_snapshot/ingest_date=2026-09-22"
::warning::off-session quotes for XBI (Cboe served a different session, or no last_trade_time at all); their rows were quarantined, so they have NO 2026-09-22 quotes
swept 23/24 chains -> NO-OP: session 2026-09-22 was already captured, wrote nothing -> s3://tail-lab-lake/bronze/option_chain_snapshot/ingest_date=2026-09-22
=== exit=0 2026-09-24T05:07:03Z ===
